lean-version: exit 0
lake-version: exit 0
full-build: exit 0
public-root: exit 0
public-axioms: exit 0
independent-statements: exit 0
regression-FSCProbes-Audit: exit 0
regression-FSCProbes-FeasibleVariationAudit: exit 0
regression-FSCProbes-SingularTriangleAudit: exit 0
regression-FSCProbes-ThresholdExpansionAudit: exit 0
regression-FSCProbes-TriangleThresholdAudit: exit 0
regression-FSCProbes-TriangleVariationAudit: exit 0
regression-FSCProbes-UniversalAnalyticAdversesAudit: exit 0
regression-checks-release-PairFrontierAdverse: exit 0
regression-checks-wp02-Adverse: exit 0
regression-checks-wp03-Adverse: exit 0
regression-checks-wp04-Adverse: exit 0
regression-checks-wp05-Consumer: exit 0
regression-checks-wp05-FiniteConsumer: exit 0
regression-checks-wp05-support-Adverse: exit 0
regression-checks-wp06-Adverse: exit 0
regression-checks-wp07-VectorConsumer: exit 0
regression-checks-wp08-Adverse: exit 0
regression-checks-wp11-Adverse: exit 0
regression-checks-wp12-Adverse: exit 0
regression-checks-wp13-Adverse: exit 0
regression-checks-wp14-Adverse: exit 0
regression-checks-wp15-Adverse: exit 0
regression-checks-wp16-Adverse: exit 0
regression-checks-wp17-Adverse: exit 0
regression-checks-wp18-Adverse: exit 0
regression-checks-wp19-Adverse: exit 0
regression-checks-wp21-Adverse: exit 0
regression-checks-wp22-ComparisonAudit: exit 0
regression-checks-wp23-Adverse: exit 0
regression-checks-wp24-Adverse: exit 0
audit-parser-tests: exit 0
calibration-allowed: exit 0
calibration-rejected: exit 1
calibration-missing: exit 1
All release gates passed.
